// Jest Snapshot v1, https://goo.gl/fbAQLP

exports[`LandingPage.vue renders the page 1`] = `
<div
  class="font-sans flex flex-col h-full"
  id="landing-page"
>
  <content
    class="flex-1"
  >
    <hero-section-stub />
    <features-stub
      id="features"
    />
    <stats-stub
      id="stats"
    />
    <call-to-action-stub />
  </content>
  <base-footer-stub
    companyname="Studio Shogun, LTD"
    copyrightyear="2020"
    linkgroupone="[object Object]"
    linkgrouptwo="[object Object]"
    socials="[object Object]"
    subscribe="[object Object]"
  />
  <base-modal-stub
    size="xs"
  >
    <template>
      <thesignup-stub />
    </template>
  </base-modal-stub>
</div>
`;
