// Jest Snapshot v1, https://goo.gl/fbAQLP

exports[`TheSignOnTabs.vue renders progress bar 1`] = `
<el-tabs-stub value="signIn" tabposition="top" stretch="true">
  <el-tab-pane-stub label="Sign In" name="signIn">
    <the-sign-in-stub></the-sign-in-stub>
  </el-tab-pane-stub>
  <el-tab-pane-stub label="Sign Up" name="signUp">
    <the-sign-up-stub></the-sign-up-stub>
  </el-tab-pane-stub>
</el-tabs-stub>
`;
